[OUT] http://wiki.elex-tech.com/dashboard.action
[OUT] http://docs.atlassian.com/confluence/docs-35/whatsnew/iframe
[OUT] http://wiki.elex-tech.com/peopledirectory.action
[OUT] http://wiki.elex-tech.com/spacedirectory/view.action
[OUT] http://wiki.elex-tech.com/admin/console.action
[OUT] http://wiki.elex-tech.com/display/~wenbo
[OUT] http://wiki.elex-tech.com/spaces/createpersonalspace.action
[OUT] http://wiki.elex-tech.com/users/viewuserhistory.action
[OUT] http://wiki.elex-tech.com/users/viewmyprofile.action
[OUT] http://wiki.elex-tech.com/users/viewfollow.action?username=wenbo
[OUT] http://wiki.elex-tech.com/display/status/wenbo/list
[OUT] http://wiki.elex-tech.com/users/viewmylabels.action
[OUT] http://wiki.elex-tech.com/users/viewnotifications.action
[OUT] http://wiki.elex-tech.com/users/viewmydrafts.action
[OUT] http://wiki.elex-tech.com/users/viewmysettings.action
[OUT] http://wiki.elex-tech.com/logout.action
[OUT] http://wiki.elex-tech.com/dashboard/configurerssfeed.action
[OUT] http://wiki.elex-tech.com/dashboard.action?spacesSelectedTab=all
[OUT] http://wiki.elex-tech.com/dashboard.action?spacesSelectedTab=favourite
[OUT] http://wiki.elex-tech.com/display/PUB
[OUT] http://wiki.elex-tech.com/spaces/browsespace.action?key=PUB
[OUT] http://wiki.elex-tech.com/display/PRODUCT
[OUT] http://wiki.elex-tech.com/spaces/browsespace.action?key=PRODUCT
[OUT] http://wiki.elex-tech.com/pages/createpage.action?spaceKey=PRODUCT
[OUT] http://wiki.elex-tech.com/display/hulianwangxitong
[OUT] http://wiki.elex-tech.com/spaces/browsespace.action?key=hulianwangxitong
[OUT] http://wiki.elex-tech.com/pages/createpage.action?spaceKey=hulianwangxitong
[OUT] http://wiki.elex-tech.com/display/PLATFORM
[OUT] http://wiki.elex-tech.com/spaces/browsespace.action?key=PLATFORM
[OUT] http://wiki.elex-tech.com/pages/createpage.action?spaceKey=PLATFORM
[OUT] http://wiki.elex-tech.com/dashboard.action?updatesSelectedTab=all
[OUT] http://wiki.elex-tech.com/dashboard.action?updatesSelectedTab=my
[OUT] http://wiki.elex-tech.com/dashboard.action?maxRecentlyUpdatedPageCount=30
[OUT] http://wiki.elex-tech.com/dashboard.action?maxRecentlyUpdatedPageCount=10
[OUT] http://wiki.elex-tech.com/display/~xiaokai
[OUT] http://wiki.elex-tech.com/pages/viewpage.action?pageId=39944977
[OUT] http://wiki.elex-tech.com/pages/diffpagesbyversion.action?pageId=39944977&selectedPageVersions=105&selectedPageVersions=104
[OUT] http://wiki.elex-tech.com/display/~gaolingling
[OUT] http://wiki.elex-tech.com/pages/viewpage.action?pageId=40992914
[OUT] http://confluence.atlassian.com/x/bwtgDQ
[OUT] http://twitter.com/share
[OUT] http://wiki.elex-tech.com/login.action
[OUT] http://wiki.elex-tech.com/homepage.action
[OUT] http://wiki.elex-tech.com/forgotuserpassword.action
[OUT] http://wiki.elex-tech.comlogin.action?language=de_DE
[OUT] http://wiki.elex-tech.comlogin.action?language=en_GB
[OUT] http://wiki.elex-tech.comlogin.action?language=fr_FR
[OUT] http://wiki.elex-tech.comlogin.action?language=zh_CN
[OUT] http://www.atlassian.com/software/confluence
[OUT] http://jira.atlassian.com/secure/BrowseProject.jspa?id=10470
[OUT] http://www.atlassian.com/about/connected.jsp?s_kwcid=Confluence-stayintouch
[OUT] http://wiki.elex-tech.com/display/~lisong
[OUT] http://wiki.elex-tech.com/display/~shixuebin
[OUT] http://wiki.elex-tech.com/users/editmyprofilepicture.action
[OUT] http://wiki.elex-tech.com/users/viewuserprofile.action?username=wenbo
[OUT] http://wiki.elex-tech.com/admin/users/viewuser.action?username=wenbo
[OUT] http://wiki.elex-tech.com/users/editmyprofile.action
[OUT] http://wiki.elex-tech.comjavascript:window.opener.location=
[OUT] http://wiki.elex-tech.com/feeds/network.action?username=wenbo&amp;max=40&amp;publicFeed=false&amp;os_authType=basic&amp;rssType=atom
[OUT] http://wiki.elex-tech.com/spaces/createrssfeed.action?types=page&types=blogpost&types=mail&types=comment&types=attachment&sort=modified&spaces=&labelString=favourite+favorite&rssType=rss2&maxResults=10&timeSpan=5&publicFeed=false&title=Personal+Labels+RSS+Feed
[OUT] http://wiki.elex-tech.comviewmyemailsettings.action
[OUT] http://wiki.elex-tech.com/users/viewmyemailsettings.action
[OUT] http://wiki.elex-tech.com/users/viewmyeditorsettings.action
[OUT] http://wiki.elex-tech.com/users/revokeoauthtokens.action
[OUT] http://twitter.com/home
[OUT] https://twitter.com/signup?context=webintent
[OUT] http://twitter.com//support.twitter.com/groups/31-twitter-basics/topics/104-welcome-to-twitter-support/articles/215585-twitter-101-how-should-i-get-started-using-twitter
[OUT] http://wiki.elex-tech.com/login.action?os_destination=%2Fhomepage.action
[OUT] http://www.atlassian.com/
[OUT] http://www.atlassian.com/software
[OUT] http://www.atlassian.com/software/jira
[OUT] http://www.atlassian.com/software/jira/service-desk
[OUT] http://www.atlassian.com/software/confluence-questions
[OUT] http://www.atlassian.com/software/hipchat
[OUT] http://www.atlassian.com/software/bitbucket
[OUT] http://www.atlassian.com/software/stash
[OUT] http://www.atlassian.com/company
[OUT] http://www.atlassian.com/try
[OUT] https://www.atlassian.com/purchase/
[OUT] https://my.atlassian.com/products/index
[OUT] http://www.atlassian.com/software/hipchat/overview
[OUT] http://www.atlassian.com/software/stash/overview
[OUT] http://www.atlassian.com/resources/support
[OUT] https://confluence.atlassian.com/display/ALLDOC/Atlassian+Documentation
[OUT] http://www.atlassian.com/resources/training
[OUT] http://www.atlassian.com/enterprise/services
[OUT] http://www.atlassian.com/resources
[OUT] https://answers.atlassian.com/
[OUT] http://www.atlassian.com/resources/experts
[OUT] http://www.atlassian.com/software/confluence/pricing
[OUT] http://www.atlassian.com/software/confluence/whats-new
[OUT] http://www.atlassian.com/software/confluence/try
[OUT] https://www.youtube.com/embed/09CuRQoJzB8?autoplay=1&amp;rel=0&amp;wmode=transparent
[OUT] https://www.youtube.com/embed/cmZYGAvpxQc?autoplay=1&amp;rel=0&amp;wmode=transparent
[OUT] https://www.youtube.com/embed/5y41OWc9o7s?autoplay=1&amp;rel=0&amp;wmode=transparent
[OUT] https://www.atlassian.com/software/confluence/questions
[OUT] https://www.atlassian.com/software/confluence?section=agiledevelopment
[OUT] https://www.youtube.com/embed/2B4cl1p07zE?autoplay=1&amp;rel=0&amp;wmode=transparent
[OUT] https://www.youtube.com/embed/oJp2era_sug?autoplay=1&amp;rel=0&amp;wmode=transparent
[OUT] https://www.youtube.com/embed/P2PK6vfF9hk?autoplay=1&amp;rel=0&amp;wmode=transparent
[OUT] https://www.youtube.com/embed/uxqsaWldo00?autoplay=1&amp;rel=0&amp;wmode=transparent
[OUT] https://www.youtube.com/embed/chL4ONFFkyo?autoplay=1&amp;rel=0&amp;wmode=transparent
[OUT] https://www.youtube.com/embed/wQ9C9hu-cRg?autoplay=1&amp;rel=0&amp;wmode=transparent
[OUT] http://www.atlassian.com/software/confluence/team-calendars
[OUT] https://www.youtube.com/embed/I2vY6FKeXbs?autoplay=1&amp;rel=0&amp;wmode=transparent
[OUT] https://www.youtube.com/embed/reiLHEIlXDc?autoplay=1&amp;rel=0&amp;wmode=transparent
[OUT] http://www.atlassian.com/software/jira/overview
[OUT] https://www.youtube.com/embed/nsx7brbcL-M?autoplay=1&amp;rel=0&amp;wmode=transparent
[OUT] https://www.youtube.com/embed/x6l7toqpoEQ?autoplay=1&amp;rel=0&amp;wmode=transparent
[OUT] http://www.atlassian.com/software/jira/agile
[OUT] http://twitter.com/
[OUT] http://twitter.com/login
[OUT] https://twitter.com/signup?context=login
[OUT] http://twitter.com/account/begin_password_reset
[OUT] http://twitter.com/account/complete
[OUT] https://twitter.com/signup
[OUT] https://twitter.com/
[OUT] https://twitter.com/login
[OUT] https://twitter.com/account/begin_password_reset
[OUT] https://twitter.com/account/complete
[OUT] https://support.twitter.com/articles/20169421
[OUT] https://twitter.com/tos
[OUT] https://twitter.com
[OUT] https://twitter.com/search-home
[OUT] https://about.twitter.com/
[OUT] https://support.twitter.com/
[OUT] http://status.twitter.com/
[OUT] http://www.atlassian.com/software/dev-tools
[OUT] http://www.atlassian.com/company/customers/case-studies/gilt
[OUT] http://summit.atlassian.com/
[OUT] http://www.atlassian.com/enterprise
[OUT] https://www.atlassian.com/git/
[OUT] https://www.atlassian.com/agile
[OUT] https://www.atlassian.com/help-desk
[OUT] https://marketplace.atlassian.com/
[OUT] http://www.atlassian.com/company/events
[OUT] http://www.atlassian.com/company/careers
[OUT] http://www.atlassian.com/company/contact
[OUT] http://www.atlassian.com/legal/privacy-policy
[OUT] http://www.atlassian.com/end-user-agreement/
[OUT] http://www.atlassian.com/security
[OUT] http://www.atlassian.com/solutions/git-essentials
[OUT] http://www.atlassian.com/solutions/agile-ready
[OUT] http://www.atlassian.com/software/bamboo
[OUT] http://www.atlassian.com/software/fisheye
[OUT] http://www.atlassian.com/software/crucible
[OUT] http://www.atlassian.com/software/sourcetree
[OUT] http://www.atlassian.com/software/clover
[OUT] http://www.atlassian.com/software/jira/portfolio
[OUT] http://www.atlassian.com/software/jira/capture
[OUT] http://www.atlassian.com/software/sharepoint-connector
[OUT] http://www.atlassian.com/software/crowd
[OUT] https://www.atlassian.com/enterprise/services#TAM
[OUT] http://www.atlassian.com/software/university
[OUT] http://blogs.atlassian.com/2015/06/atlassian-application-administrators-need-know-leap-second-bug-lurking-systems/
[OUT] http://www.atlassian.com/software/jira/try
[OUT] http://www.atlassian.com/software/jira/productNav/0
[OUT] http://www.atlassian.com/software/jira/pricing
[OUT] http://www.atlassian.com/software/jira/whats-new
[OUT] http://www.atlassian.com/company/customers
[OUT] https://www.atlassian.com/ondemand/signup/?product=jira.ondemand&unitCount=10
[OUT] https://www.atlassian.com/ondemand/signup/?product=jira.ondemand&unitCount=
[OUT] https://www.atlassian.com/software/jira/server?tab=server
[OUT] http://www.atlassian.com/software/jira/service-desk/pricing
[OUT] https://www.atlassian.com/en/ondemand/signup/?product=jira.ondemand,com.atlassian.servicedesk.ondemand&unitCount=10
[OUT] https://www.atlassian.com/ondemand/signup/?product=jira.ondemand,com.atlassian.servicedesk.ondemand&unitCount=10
[OUT] https://www.atlassian.com/software/jira/hipchat-integration
[OUT] http://www.atlassian.com/company/customers/case-studies/vistaprint
[OUT] https://www.atlassian.com/service-desk/comparison
[OUT] http://www.atlassian.com/software/jira/service-desk/download
[OUT] http://www.atlassian.com/software/confluence-questions/try
[OUT] https://www.hipchat.com
[OUT] https://www.hipchat.com/pricing
[OUT] https://www.hipchat.com/integrations
[OUT] https://www.hipchat.com/server
[OUT] https://www.hipchat.com/downloads
[OUT] https://www.hipchat.com/sign_up
[OUT] http://www.hipchat.com/integrations
[OUT] http://www.atlassian.com/software/stash/pricing
[OUT] http://www.atlassian.com/software/stash/whats-new
[OUT] http://www.atlassian.com/software/stash/download
[OUT] https://www.youtube.com/embed/MIl6hHZ05A0?autoplay=1&amp;rel=0&amp;wmode=transparent
[OUT] http://www.atlassian.com/git/workflows
[OUT] http://www.atlassian.com/software/enterprise/contact
[OUT] https://www.youtube.com/embed/OMLh-5O6Ub8?autoplay=1&amp;rel=0&amp;wmode=transparent
[OUT] http://www.sourcetreeapp.com/
[OUT] http://www.atlassian.com/git
[OUT] http://blogs.atlassian.com/
[OUT] http://www.atlassian.com/company/press
[OUT] http://www.atlassian.com/company/about/people
[OUT] http://www.atlassian.com/company/about/values
[OUT] http://www.atlassian.com/company/about/foundation
[OUT] http://www.atlassian.com/company/about/shipit
[OUT] http://swag.atlassian.com/
[OUT] http://www.hipchat.com/sign_up?utm_source=WAC&utm_medium=Button&utm_content=Free%2BTrail&utm_campaign=brand-amp
[OUT] http://www.bitbucket.org/account/signup/?plan=5_users&utm_source=WAC&utm_medium=Button&utm_content=Free%2BTrail&utm_campaign=brand-amp
[OUT] http://www.atlassian.com/software/bamboo/try
[OUT] http://www.atlassian.com/software/fisheye/download
[OUT] http://www.atlassian.com/software/crucible/download
[OUT] http://www.atlassian.com/software/clover/download
[OUT] https://marketplace.atlassian.com/plugins/com.radiantminds.roadmaps-jira
[OUT] http://www.atlassian.com/software/sharepoint-connector/download
[OUT] http://www.atlassian.com/software/crowd/download
[OUT] http://university.atlassian.com/signup
[OUT] https://www.atlassian.com/company/contact
[OUT] https://my.atlassian.com/login?continue=https://my.atlassian.com&amp;application=mac
[OUT] http://www.atlassian.com/licensing/purchase-licensing
[OUT] http://www.atlassian.com/tv
[OUT] http://confluence.atlassian.com/display/ALLDOC/Atlassian+Documentation
[OUT] https://my.atlassian.com/purchase/#renew
[OUT] http://support.atlassian.com
[OUT] http://answers.atlassian.com
[OUT] http://confluence.atlassian.com/x/NheyCg
[OUT] http://www.atlassian.com/resources/alliances
[OUT] https://confluence.atlassian.com/display/Training/Individual+Session+Schedule
[OUT] https://www.atlassian.com/purchase/training
[OUT] https://www.atlassian.com/purchase/training?classId=710417114
[OUT] http://confluence.atlassian.com/display/Training/Individual+Session+Schedule#IndividualSessionSchedule-JIRAEssentials
[OUT] https://www.atlassian.com/purchase/training?classId=710417159
[OUT] http://confluence.atlassian.com/display/Training/Individual+Session+Schedule
[OUT] https://www.atlassian.com/purchase/training?classId=710417129
[OUT] http://www.atlassian.com/enterprise/data-center
[OUT] http://www.atlassian.com/enterprise/contact
[OUT] https://www.atlassian.com/dms/wac/enterprise/Atlassian-Premier-Support-brochure.pdf
[OUT] https://www.atlassian.com/dms/wac/enterprise/Atlassian-TAM.pdf
[OUT] http://www.atlassian.com/resources/experts?tab=find-an-expert&expertskills=Enterprise&products=*&expertlocation=
[OUT] http://marketplace.atlassian.com
[OUT] http://www.atlassian.com//developer.atlassian.com
[OUT] http://bytesource.net/atlassian
[OUT] http://www.atlassian.com/resources/support/
[OUT] https://atlassian.wufoo.com/forms/r7w1s9/
[OUT] http://www.surveygizmo.com
[OUT] http://stagil.de
[OUT] https://www.atlassian.com/getting-git-right
[OUT] http://www.linkedin.com/groups/Atlassian-Experts-Partner-Community-4828943?gid=4828943&mostPopular=&trk=tyah
[OUT] https://twitter.com/atlassianexpert
[OUT] https://marketplace.atlassian.com/plugins/app/confluence/atlassian?cost=paid&amp;hosting=ondemand
[OUT] http://www.atlassian.com/software/views/open-source-license-request
[OUT] https://marketplace.atlassian.com/plugins/app/confluence/atlassian?cost=paid&amp;hosting=download
[OUT] http://www.roomtoread.org
[OUT] http://www.atlassian.com/en/wac/software/confluence/whats-new/inline-comments
[OUT] http://www.atlassian.com/en/wac/software/confluence/whats-new/task-management
[OUT] http://www.atlassian.com/en/wac/software/confluence/whats-new/jira-integration
[OUT] http://www.atlassian.com/en/wac/software/confluence/whats-new/confluence-knowledge-base
[OUT] https://confluence.atlassian.com/x/RQFLKQ
[OUT] https://www.youtube.com/embed/LhHKkodOPFo?cc_load_policy=0&autoplay=0&amp;rel=0&amp;wmode=transparent
[OUT] https://twitter.com/share
[OUT] http://blogs.atlassian.com/2015/06/8-secrets-succeeding-product-management/
[OUT] http://www.atlassian.com/software/confluence/demo
[OUT] http://docs.atlassian.com/confluence-latest/
[OUT] http://twitter.com/confluence
[OUT] http://ace.atlassian.com/d/?n=a9ceb8e9&amp;cb=INSERT_RANDOM_NUMBER_HERE
[OUT] https://www.atlassian.com/
[OUT] https://www.atlassian.com/software
[OUT] https://www.atlassian.com/software/jira
[OUT] https://www.atlassian.com/software/jira/service-desk
[OUT] https://www.atlassian.com/software/confluence
[OUT] https://www.atlassian.com/software/confluence-questions
[OUT] https://www.atlassian.com/software/hipchat
[OUT] https://www.atlassian.com/software/bitbucket
[OUT] https://www.atlassian.com/software/stash
[OUT] https://www.atlassian.com/company
[OUT] https://www.atlassian.com/try
[OUT] https://www.atlassian.com/software/hipchat/overview
[OUT] https://www.atlassian.com/software/stash/overview
[OUT] https://www.atlassian.com/resources/support
[OUT] https://www.atlassian.com/resources/training
[OUT] https://www.atlassian.com/enterprise/services
[OUT] https://www.atlassian.com/resources
[OUT] https://www.atlassian.com/resources/experts
[OUT] https://www.atlassian.com/software/confluence-questions/try
[OUT] https://www.atlassian.com/company/events
[OUT] https://www.atlassian.com/company/careers
[OUT] https://www.atlassian.com/legal/privacy-policy
[OUT] https://www.atlassian.com/end-user-agreement/
[OUT] https://www.atlassian.com/security
[OUT] https://www.atlassian.com/software/confluence/pricing
[OUT] https://www.atlassian.com/software/confluence/whats-new
[OUT] https://www.atlassian.com/software/confluence/try
[OUT] https://www.atlassian.com/software/confluence/team-calendars
[OUT] https://www.atlassian.com/software/jira/overview
[OUT] https://www.atlassian.com/software/jira/agile
[OUT] https://marketplace.atlassian.com/plugins/com.atlassian.confluence.extra.team-calendars
[OUT] https://www.youtube.com/embed/KdyV9okLRlc?autoplay=1&amp;rel=0&amp;wmode=transparent
[OUT] http://www.atlassian.com/software/team-calendars/overview
[OUT] https://marketplace.atlassian.com/plugins/is.origo.jira.tempo-plugin
[OUT] https://www.youtube.com/embed/7-uwalEx52E?autoplay=1&rel=0&wmode=transparent
[OUT] http://blogs.atlassian.com/2015/06/webinar-recap-combine-long-term-planning-agile-jira-portfolio/
[OUT] http://blogs.atlassian.com/blog-cat/jira/
[OUT] http://atlassian.com/agile
[OUT] http://www.atlassian.com/software/jira/service-desk/demo
[OUT] http://www.atlassian.com/gartner/
[OUT] https://confluence.atlassian.com/display/JIRA
[OUT] http://ace.atlassian.com/d/?n=a7490858&amp;cb=INSERT_RANDOM_NUMBER_HERE
[OUT] http://twitter.com/i/streams/stream/1
[OUT] http://twitter.com/i/streams/stream/2
[OUT] http://twitter.com/i/streams/stream/3
[OUT] http://twitter.com/i/streams/stream/4
[OUT] http://twitter.com/i/streams/stream/5
[OUT] http://twitter.com/i/streams/stream/6
[OUT] http://twitter.com/i/streams/stream/7
[OUT] http://twitter.com/i/streams/stream/8
[OUT] http://twitter.com/i/streams/stream/9
[OUT] http://twitter.com/i/streams/stream/10
[OUT] http://twitter.com/i/streams/stream/11
[OUT] http://twitter.com/i/streams/stream/12
[OUT] http://twitter.com/i/streams/stream/13
[OUT] http://twitter.com/i/streams/stream/14
[OUT] http://twitter.com/i/streams/stream/15
[OUT] http://twitter.com/i/streams/stream/16
[OUT] http://twitter.com/i/streams/stream/17
[OUT] http://twitter.com/i/streams/stream/18
[OUT] http://twitter.com/i/streams/stream/19
[OUT] http://twitter.com/i/streams/stream/20
[OUT] http://twitter.com/i/streams/stream/21
[OUT] http://twitter.com/i/streams/stream/22
[OUT] http://twitter.com/i/streams/stream/23
[OUT] http://twitter.com/i/streams/stream/24
[OUT] http://twitter.com/i/streams/stream/25
[OUT] http://twitter.com/i/streams/stream/26
[OUT] http://twitter.com/i/streams/stream/27
[OUT] http://twitter.com/i/streams/stream/28
[OUT] http://twitter.com/i/streams/stream/29
[OUT] http://twitter.com/i/streams/stream/30
[OUT] http://twitter.com/i/streams/stream/31
[OUT] http://twitter.com/i/streams/stream/32
[OUT] http://twitter.com/i/streams/stream/33
[OUT] http://twitter.com/i/streams/stream/34
[OUT] http://twitter.com/i/streams/stream/35
[OUT] http://twitter.com/i/streams/stream/36
[OUT] http://twitter.com/i/streams/stream/37
[OUT] http://twitter.com/i/streams/stream/38
[OUT] http://twitter.com/i/streams/stream/39
[OUT] http://twitter.com/i/streams/stream/40
[OUT] http://twitter.com/i/streams/stream/41
[OUT] http://twitter.com/i/streams/stream/42
[OUT] http://twitter.com/i/streams/stream/43
[OUT] http://twitter.com/i/streams/stream/44
[OUT] http://twitter.com/i/streams/stream/45
[OUT] http://twitter.com/i/streams/stream/46
[OUT] http://twitter.com/i/streams/stream/47
[OUT] http://twitter.com/i/streams/stream/48
[OUT] http://twitter.com/i/streams/stream/50
[OUT] http://twitter.com/i/streams/stream/51
[OUT] http://twitter.com/i/streams/stream/52
[OUT] http://twitter.com/i/streams/stream/53
[OUT] http://twitter.com/i/streams/stream/54
[OUT] http://twitter.com/i/streams/stream/55
[OUT] http://twitter.com/i/streams/stream/56
[OUT] http://twitter.com/i/streams/stream/57
[OUT] http://twitter.com/i/streams/stream/58
[OUT] http://twitter.com/i/streams/stream/59
[OUT] http://m.twitter.com
[OUT] http://twitter.com/account/begin_password_reset?lang=af
[OUT] http://twitter.com/account/begin_password_reset?lang=cy
[OUT] http://twitter.com/account/begin_password_reset?lang=da
[OUT] http://twitter.com/account/begin_password_reset?lang=de
[OUT] http://twitter.com/account/begin_password_reset?lang=en-gb
[OUT] http://twitter.com/account/begin_password_reset?lang=en-xx
[OUT] http://twitter.com/account/begin_password_reset?lang=en-ss
[OUT] http://twitter.com/account/begin_password_reset?lang=es
[OUT] http://twitter.com/account/begin_password_reset?lang=eo
[OUT] http://twitter.com/account/begin_password_reset?lang=eu
[OUT] http://twitter.com/account/begin_password_reset?lang=fil
[OUT] http://twitter.com/account/begin_password_reset?lang=fr
[OUT] http://twitter.com/account/begin_password_reset?lang=ga
[OUT] http://twitter.com/account/begin_password_reset?lang=gl
[OUT] http://twitter.com/account/begin_password_reset?lang=id
[OUT] http://twitter.com/account/begin_password_reset?lang=it
[OUT] http://twitter.com/account/begin_password_reset?lang=ku
[OUT] http://twitter.com/account/begin_password_reset?lang=xx-lc
[OUT] http://twitter.com/account/begin_password_reset?lang=hu
[OUT] http://twitter.com/account/begin_password_reset?lang=msa
[OUT] http://twitter.com/account/begin_password_reset?lang=nl
[OUT] http://twitter.com/account/begin_password_reset?lang=no
[OUT] http://twitter.com/account/begin_password_reset?lang=pl
[OUT] http://twitter.com/account/begin_password_reset?lang=ckb
[OUT] http://twitter.com/account/begin_password_reset?lang=fi
[OUT] http://twitter.com/account/begin_password_reset?lang=sv
[OUT] http://twitter.com/account/begin_password_reset?lang=vi
[OUT] http://twitter.com/account/begin_password_reset?lang=tr
[OUT] http://twitter.com/account/begin_password_reset?lang=ca
[OUT] http://twitter.com/account/begin_password_reset?lang=hr
[OUT] http://twitter.com/account/begin_password_reset?lang=kn
[OUT] http://twitter.com/account/begin_password_reset?lang=lv
[OUT] http://twitter.com/account/begin_password_reset?lang=pt
[OUT] http://twitter.com/account/begin_password_reset?lang=ro
[OUT] http://twitter.com/account/begin_password_reset?lang=sq
[OUT] http://twitter.com/account/begin_password_reset?lang=sk
[OUT] http://twitter.com/account/begin_password_reset?lang=sr
[OUT] http://twitter.com/account/begin_password_reset?lang=cs
[OUT] http://twitter.com/account/begin_password_reset?lang=el
[OUT] http://twitter.com/account/begin_password_reset?lang=bg
[OUT] http://twitter.com/account/begin_password_reset?lang=ru
[OUT] http://twitter.com/account/begin_password_reset?lang=uk
[OUT] http://twitter.com/account/begin_password_reset?lang=be
[OUT] http://twitter.com/account/begin_password_reset?lang=he
[OUT] http://twitter.com/account/begin_password_reset?lang=ur
[OUT] http://twitter.com/account/begin_password_reset?lang=ar
[OUT] http://twitter.com/account/begin_password_reset?lang=fa
[OUT] http://twitter.com/account/begin_password_reset?lang=mr
[OUT] http://twitter.com/account/begin_password_reset?lang=hi
[OUT] http://twitter.com/account/begin_password_reset?lang=bn
[OUT] http://twitter.com/account/begin_password_reset?lang=gu
[OUT] http://twitter.com/account/begin_password_reset?lang=ta
[OUT] http://twitter.com/account/begin_password_reset?lang=th
[OUT] http://twitter.com/account/begin_password_reset?lang=ja
[OUT] http://twitter.com/account/begin_password_reset?lang=zh-cn
[OUT] http://twitter.com/account/begin_password_reset?lang=zh-tw
[OUT] http://twitter.com/account/begin_password_reset?lang=ko
[OUT] https://support.twitter.com/groups/34-apps-sms-and-mobile/topics/123-mobile-basics/articles/95277-which-twitter-account-is-my-mobile-phone-associated-with
[OUT] https://twitter.com/i/streams/stream/1
[OUT] https://twitter.com/i/streams/stream/2
[OUT] https://twitter.com/i/streams/stream/3
[OUT] https://twitter.com/i/streams/stream/4
[OUT] https://twitter.com/i/streams/stream/5
[OUT] https://twitter.com/i/streams/stream/6
[OUT] https://twitter.com/i/streams/stream/7
[OUT] https://twitter.com/i/streams/stream/8
[OUT] https://twitter.com/i/streams/stream/9
[OUT] https://twitter.com/i/streams/stream/10
[OUT] https://twitter.com/i/streams/stream/11
[OUT] https://twitter.com/i/streams/stream/12
[OUT] https://twitter.com/i/streams/stream/13
[OUT] https://twitter.com/i/streams/stream/14
[OUT] https://twitter.com/i/streams/stream/15
[OUT] https://twitter.com/i/streams/stream/16
[OUT] https://twitter.com/i/streams/stream/17
[OUT] https://twitter.com/i/streams/stream/18
[OUT] https://twitter.com/i/streams/stream/19
[OUT] https://twitter.com/i/streams/stream/20
[OUT] https://twitter.com/i/streams/stream/21
[OUT] https://twitter.com/i/streams/stream/22
[OUT] https://twitter.com/i/streams/stream/23
[OUT] https://twitter.com/i/streams/stream/24
[OUT] https://twitter.com/i/streams/stream/25
[OUT] https://twitter.com/i/streams/stream/26
[OUT] https://twitter.com/i/streams/stream/27
[OUT] https://twitter.com/i/streams/stream/28
[OUT] https://twitter.com/i/streams/stream/29
[OUT] https://twitter.com/i/streams/stream/30
[OUT] https://twitter.com/i/streams/stream/31
[OUT] https://twitter.com/i/streams/stream/32
[OUT] https://twitter.com/i/streams/stream/33
[OUT] https://twitter.com/i/streams/stream/34
[OUT] https://twitter.com/i/streams/stream/35
[OUT] https://twitter.com/i/streams/stream/36
[OUT] https://twitter.com/i/streams/stream/37
[OUT] https://twitter.com/i/streams/stream/38
[OUT] https://twitter.com/i/streams/stream/39
[OUT] https://twitter.com/i/streams/stream/40
[OUT] https://twitter.com/i/streams/stream/41
[OUT] https://twitter.com/i/streams/stream/42
[OUT] https://twitter.com/i/streams/stream/43
[OUT] https://twitter.com/i/streams/stream/44
[OUT] https://twitter.com/i/streams/stream/45
[OUT] https://twitter.com/i/streams/stream/46
[OUT] https://twitter.com/i/streams/stream/47
[OUT] https://twitter.com/i/streams/stream/48
[OUT] https://twitter.com/i/streams/stream/50
[OUT] https://twitter.com/i/streams/stream/51
[OUT] https://twitter.com/i/streams/stream/52
[OUT] https://twitter.com/i/streams/stream/53
[OUT] https://twitter.com/i/streams/stream/54
[OUT] https://twitter.com/i/streams/stream/55
[OUT] https://twitter.com/i/streams/stream/56
[OUT] https://twitter.com/i/streams/stream/57
[OUT] https://twitter.com/i/streams/stream/58
[OUT] https://twitter.com/i/streams/stream/59
[OUT] https://twitter.com/account/begin_password_reset?lang=af
[OUT] https://twitter.com/account/begin_password_reset?lang=cy
[OUT] https://twitter.com/account/begin_password_reset?lang=da
[OUT] https://twitter.com/account/begin_password_reset?lang=de
[OUT] https://twitter.com/account/begin_password_reset?lang=en-gb
[OUT] https://twitter.com/account/begin_password_reset?lang=en-xx
[OUT] https://twitter.com/account/begin_password_reset?lang=en-ss
[OUT] https://twitter.com/account/begin_password_reset?lang=es
[OUT] https://twitter.com/account/begin_password_reset?lang=eo
[OUT] https://twitter.com/account/begin_password_reset?lang=eu
[OUT] https://twitter.com/account/begin_password_reset?lang=fil
[OUT] https://twitter.com/account/begin_password_reset?lang=fr
[OUT] https://twitter.com/account/begin_password_reset?lang=ga
[OUT] https://twitter.com/account/begin_password_reset?lang=gl
[OUT] https://twitter.com/account/begin_password_reset?lang=id
[OUT] https://twitter.com/account/begin_password_reset?lang=it
[OUT] https://twitter.com/account/begin_password_reset?lang=ku
[OUT] https://twitter.com/account/begin_password_reset?lang=xx-lc
[OUT] https://twitter.com/account/begin_password_reset?lang=hu
[OUT] https://twitter.com/account/begin_password_reset?lang=msa
[OUT] https://twitter.com/account/begin_password_reset?lang=nl
[OUT] https://twitter.com/account/begin_password_reset?lang=no
[OUT] https://twitter.com/account/begin_password_reset?lang=pl
[OUT] https://twitter.com/account/begin_password_reset?lang=ckb
[OUT] https://twitter.com/account/begin_password_reset?lang=fi
[OUT] https://twitter.com/account/begin_password_reset?lang=sv
[OUT] https://twitter.com/account/begin_password_reset?lang=vi
[OUT] https://twitter.com/account/begin_password_reset?lang=tr
[OUT] https://twitter.com/account/begin_password_reset?lang=ca
[OUT] https://twitter.com/account/begin_password_reset?lang=hr
[OUT] https://twitter.com/account/begin_password_reset?lang=kn
[OUT] https://twitter.com/account/begin_password_reset?lang=lv
[OUT] https://twitter.com/account/begin_password_reset?lang=pt
[OUT] https://twitter.com/account/begin_password_reset?lang=ro
[OUT] https://twitter.com/account/begin_password_reset?lang=sq
[OUT] https://twitter.com/account/begin_password_reset?lang=sk
[OUT] https://twitter.com/account/begin_password_reset?lang=sr
[OUT] https://twitter.com/account/begin_password_reset?lang=cs
[OUT] https://twitter.com/account/begin_password_reset?lang=el
[OUT] https://twitter.com/account/begin_password_reset?lang=bg
[OUT] https://twitter.com/account/begin_password_reset?lang=ru
[OUT] https://twitter.com/account/begin_password_reset?lang=uk
[OUT] https://twitter.com/account/begin_password_reset?lang=be
[OUT] https://twitter.com/account/begin_password_reset?lang=he
[OUT] https://twitter.com/account/begin_password_reset?lang=ur
[OUT] https://twitter.com/account/begin_password_reset?lang=ar
[OUT] https://twitter.com/account/begin_password_reset?lang=fa
[OUT] https://twitter.com/account/begin_password_reset?lang=mr
[OUT] https://twitter.com/account/begin_password_reset?lang=hi
[OUT] https://twitter.com/account/begin_password_reset?lang=bn
[OUT] https://twitter.com/account/begin_password_reset?lang=gu
[OUT] https://twitter.com/account/begin_password_reset?lang=ta
[OUT] https://twitter.com/account/begin_password_reset?lang=th
[OUT] https://twitter.com/account/begin_password_reset?lang=ja
[OUT] https://twitter.com/account/begin_password_reset?lang=zh-cn
[OUT] https://twitter.com/account/begin_password_reset?lang=zh-tw
[OUT] https://twitter.com/account/begin_password_reset?lang=ko
[OUT] https://twitter.com/login?redirect_after_login=https%3A%2F%2Fsupport.twitter.com%2Farticles%2F20169421
[OUT] https://support.twitter.com/groups/50-welcome-to-twitter
[OUT] https://support.twitter.com/groups/51-me
[OUT] https://support.twitter.com/groups/52-notifications
[OUT] https://support.twitter.com/groups/53-discover
[OUT] https://support.twitter.com/groups/54-mobile-apps
[OUT] https://support.twitter.com/groups/55-troubleshooting
[OUT] https://support.twitter.com/groups/51-me#topic_205
[OUT] https://support.twitter.com/groups/51-me#topic_267
[OUT] https://support.twitter.com/groups/51-me#topic_206
[OUT] https://support.twitter.com/groups/51-me#topic_207
[OUT] https://support.twitter.com/groups/51-me#topic_208
[OUT] https://support.twitter.com/groups/51-me#topic_209
[OUT] https://support.twitter.com/groups/51-me#topic_210
[OUT] https://twitter.com/privacy#widget-jump
[OUT] https://twitter.com/settings/security
[OUT] https://support.twitter.com/articles/20169453
[OUT] https://twitter.com/about/contact
[OUT] http://blog.twitter.com
[OUT] http://status.twitter.com
[OUT] https://twitter.com/goodies
[OUT] https://dev.twitter.com/
[OUT] https://business.twitter.com
[OUT] https://twitter.com/jobs
[OUT] https://twitter.com/privacy
[OUT] https://twitter.com/search?q=South%20Carolina%20Statehouse&amp;data_id=tweet%3A612276050182049792
[OUT] https://twitter.com/MittRomney
[OUT] https://twitter.com/MittRomney/status/612276050182049792
[OUT] https://twitter.com/hashtag/ConfederateFlag?src=hash
[OUT] https://twitter.com/MLB
[OUT] https://twitter.com/MLB/status/612481364655345664
[OUT] https://twitter.com/Max_Scherzer
[OUT] https://twitter.com/login?redirect_after_login=https%3A%2F%2Fsupport.twitter.com%2F
[OUT] https://support.twitter.com/articles/215585
[OUT] https://support.twitter.com/articles/15367
[OUT] https://support.twitter.com/articles/127871
[OUT] https://support.twitter.com/articles/14663
[OUT] https://support.twitter.com/articles/14016
[OUT] https://support.twitter.com/articles/14606
[OUT] https://support.twitter.com/articles/77606
[OUT] https://support.twitter.com/articles/14023
[OUT] https://support.twitter.com/articles/14019
[OUT] https://support.twitter.com/articles/132700
[OUT] https://support.twitter.com/articles/14022
[OUT] https://support.twitter.com/articles/49309
[OUT] https://support.twitter.com/articles/20169500
[OUT] https://support.twitter.com/articles/168930
[OUT] https://support.twitter.com/articles/14589
[OUT] https://support.twitter.com/articles/15365
[OUT] https://support.twitter.com/articles/31796
[OUT] https://support.twitter.com/articles/15790
[OUT] https://support.twitter.com/groups/56-policies-violations
[OUT] https://support.twitter.com/articles/18311
[OUT] https://support.twitter.com/articles/15789
[OUT] https://support.twitter.com/articles/64986
[OUT] https://support.twitter.com/groups/57-safety-security
[OUT] https://support.twitter.com/articles/76036
[OUT] https://support.twitter.com/articles/18368
[OUT] https://support.twitter.com/articles/15794
[OUT] https://support.twitter.com/groups/58-advertising
[OUT] https://support.twitter.com/articles/142101
[OUT] https://support.twitter.com/articles/282154
[OUT] https://support.twitter.com/articles/282142
[OUT] https://support.twitter.com/groups/50
[OUT] https://support.twitter.com/articles/20169886
[OUT] https://support.twitter.com/groups/51
[OUT] https://support.twitter.com/articles/185703
[OUT] https://support.twitter.com/groups/57
[OUT] https://support.twitter.com/forms
[OUT] https://support.twitter.com/groups/54
[OUT] https://support.twitter.com/groups/55
[OUT] https://twitter.com/Support
[OUT] https://twitter.com/mobilesupport
[OUT] http://twitter.com
[OUT] http://blog.twitter.com/
[OUT] http://support.twitter.com/
[OUT] http://dev.twitter.com/
[OUT] http://status.twitter.com/archive
[OUT] http://status.twitter.com/rss
[OUT] http://twitterstatus.tumblr.com/post/110673635718/some-users-unable-to-tweet
[OUT] http://twitterstatus.tumblr.com/post/108206544668/service-issue
[OUT] http://twitterstatus.tumblr.com/post/107269077628/timeline-delivery-issue
[OUT] http://status.twitter.com/page/2
[OUT] http://www.atlassian.com/software/clover/try
[OUT] http://www.atlassian.com/solutions/git-essentials/pricing
[OUT] http://www.atlassian.com/company/customers/customer-list
[OUT] https://www.youtube.com/embed/VSATvW6zTPo?cc_load_policy=0&autoplay=1&amp;rel=0&amp;wmode=transparent
[OUT] https://www.atlassian.com/company/customers/case-studies/trulia
[OUT] http://www.atlassian.com/company/customers/case-studies/og-systems
[OUT] https://www.atlassian.com/company/customers/case-studies/canddi
[OUT] http://www.atlassian.com/company/customers/case-studies/fmg
[OUT] http://summit.atlassian.com/sessions
[OUT] http://summit.atlassian.com/atlassian-training
[OUT] http://summit.atlassian.com/sponsors
[OUT] https://eegeventsite.secure.force.com/atlassiansummit
[OUT] http://summit.atlassian.com/atlassian-training#reporting-and-dashboards
[OUT] http://summit.atlassian.com/atlassian-training#project-configuration
[OUT] http://www.marriott.com/meeting-event-hotels/group-corporate-travel/groupCorp.mi?resLinkData=Atlassian%20Summit%202015^sfodt%60atlatla%60299%60USD%60false%6010/30/15%6011/7/15%6010/9/2015&app=resvlink&stop_mobi=yes
[OUT] http://www.tempoplugin.com/
[OUT] http://almworks.com/?utm_source=summitsite&utm_campaign=summit2015
[OUT] https://blackpearlpdm.com/display/ALM/BlackPearl+ALM
[OUT] http://www.appfire.com/?utm_source=landing_page&utm_campaign=bob_swift_acquisition
[OUT] https://www.clearvision-cm.com/atlassian/
[OUT] https://www.cprime.com/
[OUT] https://eazybi.com/
[OUT] https://www.gliffy.com/
[OUT] http://www.go2group.com/
[OUT] http://www.qasymphony.com/
[OUT] http://www.refinedwiki.com/
[OUT] http://servicerocket.com/
[OUT] http://www.getzephyr.com/products/test-management-add-ons-for-atlassian/how-to-buy
[OUT] http://summit.atlassian.commailto:sponsorship@atlassian.com
[OUT] http://www.atlassian.com/company/customers/case-studies/nasa
[OUT] https://www.atlassian.com/agile/developer
[OUT] https://www.atlassian.com/agile/teams
[OUT] https://www.atlassian.com/agile/program
[OUT] https://www.atlassian.com/agile/portfolio
[OUT] https://www.atlassian.com/agile/harvard-business-review-agile-report
[OUT] https://www.atlassian.com/help-desk/resolving-incidents
[OUT] https://www.atlassian.com/help-desk/self-service
[OUT] https://www.atlassian.com/help-desk/service-desk-management
[OUT] https://www.atlassian.com/help-desk/trends
[OUT] https://www.atlassian.com/help-desk/incident-management-expert-tips
[OUT] https://www.atlassian.com/jira-at-your-service?utm_source=atlassian-WAC-Events&amp;utm_medium=atlassianpromosupport&amp;utm_campaign=EAD-JSD
[OUT] https://www.atlassian.com/atlassian-enterprise-event?utm_source=atlassian-WAC-Events&amp;utm_medium=atlassian-promo-support&amp;utm_campaign=EAD-Enterprise
[OUT] http://adcwest.techwell.com/
[OUT] http://www.agileaustralia.com.au/2015/
[OUT] http://blog.docker.com/2014/11/save-the-date-for-dockercon-2015/
[OUT] http://e-core.com/br/ecore/enterprise-forum
[OUT] https:///eventioz.com.ar/e/bhp-atlassian-te-siguen-sorprendiendo
[OUT] http://aug.atlassian.com/
[OUT] http://agile2015.agilealliance.org/
[OUT] http://events.linuxfoundation.org/events/linuxcon-north-america
[OUT] http://www.smconference.com.au/
[OUT] https://www.oracle.com/javaone/index.html
[OUT] https://summit.atlassian.com/
[OUT] http://www.gartner.com/events/na/orlando-symposium
[OUT] http://www.gartner.com/events/emea/barcelona-symposium
[OUT] http://aug.atlassian.com/display/AUG/Home
[OUT] https://ace.atlassian.com/d/?n=a780db1e&amp;cb=INSERT_RANDOM_NUMBER_HERE
[OUT] https://www.facebook.com/AtlassianSoftware/photos_albums
[OUT] https://www.youtube.com/embed/k6lK5hlB1nQ?autoplay=1&amp;rel=0&amp;wmode=transparent
[OUT] http://www.atlassian.comXbBlrmgXzZU
[OUT] http://www.atlassian.comx142SL6pyYo
[OUT] http://www.pyramid-consulting.com/home/careers/jobs-at-atlassian.html
[OUT] http://www.spartez.com/careers 
[OUT] https://answers.atlassian.com/questions/ask/?tags=from_contact_us
[OUT] http://atlassian.wufoo.com/forms/r5r4s1
[OUT] http://www.atlassian.com/licensing/purchase-licensing#pricinganddiscounts-1
[OUT] https://www.atlassian.com/purchase/?purchaseMode=quote
[OUT] https://support.atlassian.com
[OUT] http://www.atlassian.com/company/contact/contact-ceos
[OUT] http://www.atlassian.com/licensing/jira
[OUT] http://www.atlassian.com/licensing/confluence
[OUT] http://www.atlassian.com/licensing/stash
[OUT] http://www.atlassian.com/licensing/jira-agile
[OUT] http://www.atlassian.com/licensing/team-calendars
[OUT] http://www.atlassian.com/licensing/fisheye
[OUT] http://www.atlassian.com/licensing/service-desk
[OUT] http://www.atlassian.com/licensing/sharepoint
[OUT] http://www.atlassian.com/licensing/crucible
[OUT] http://www.atlassian.com/licensing/jira-capture
[OUT] http://www.atlassian.com/licensing/cloud
[OUT] http://www.atlassian.com/licensing/bamboo
[OUT] http://www.atlassian.com/licensing/clover
[OUT] http://www.atlassian.com/licensing/starter
[OUT] http://www.atlassian.com/licensing/crowd
[OUT] http://www.atlassian.com/licensing/training-enterprise
[OUT] http://www.atlassian.com/legal/acceptable-use-policy
[OUT] http://www.atlassian.com/legal/service-specific-terms
[OUT] http://www.atlassian.com/legal/copyright-and-trademark-violations
[OUT] http://www.atlassian.com/legal/customer-use-addendum
[OUT] http://www.atlassian.com/legal/third-party-code
